// Vitest Snapshot v1, https://vitest.dev/guide/snapshot.html

exports[`FormSegment > renders correctly 1`] = `
<div>
  <div
    class="segment svelte-fy0jdt"
  >
    <div
      class="dose svelte-fy0jdt"
    >
      <label
        class="svelte-fy0jdt"
        for="dose-0"
      >
        <input
          aria-label="dose-0"
          class="svelte-fy0jdt"
          id="dose-0"
          inputmode="decimal"
          min="1"
          pattern="[1-9]\\d*"
          step="0.25"
          type="number"
        />
      </label>
    </div>
     
    <div
      class="days svelte-fy0jdt"
    >
      <label
        class="svelte-fy0jdt"
        for="days-0"
      >
        <input
          aria-label="days-0"
          class="svelte-fy0jdt"
          id="days-0"
          inputmode="decimal"
          min="1"
          pattern="[1-9]\\d*"
          type="number"
        />
      </label>
    </div>
     
    <button
      class="remove-btn svelte-fy0jdt"
      disabled=""
      title="Remove this step"
    >
      ×
    </button>
  </div>
</div>
`;
