// Vitest Snapshot v1, https://vitest.dev/guide/snapshot.html

exports[`FormSegment > renders correctly 1`] = `
<div>
  <div
    class="segment svelte-1cu1d0k"
  >
    <div
      class="dose svelte-1cu1d0k"
    >
      <label
        class="svelte-1cu1d0k"
        for="dose-0"
      >
        <input
          aria-label="dose-0"
          class="svelte-1cu1d0k"
          id="dose-0"
          inputmode="decimal"
          min="1"
          pattern="[1-9]\\d*"
          step="0.25"
          type="number"
        />
      </label>
    </div>
     
    <div
      class="days svelte-1cu1d0k"
    >
      <label
        class="svelte-1cu1d0k"
        for="days-0"
      >
        <input
          aria-label="days-0"
          class="svelte-1cu1d0k"
          id="days-0"
          inputmode="decimal"
          min="1"
          pattern="[1-9]\\d*"
          type="number"
        />
      </label>
    </div>
     
    <button
      class="remove-btn svelte-1cu1d0k"
      disabled=""
      title="Remove this step"
    >
      ×
    </button>
  </div>
</div>
`;
